define0 define0
__define1__
__define0 define1 define2__
