   value0
value1
	value2
"value3"
'value4'
'\\value5\t x'
