/opt
value0
PRETTY_NAME="Ubuntu 20.04.4 LTS"
Data for a volumed file!
