value0
PRETTY_NAME="Rocky Linux 8.5 (Green Obsidian)"
