cliArgs=If I had wings...
no args
cliArgs=If I had wings...
