/opt
value0
ID=ubuntu
ID_LIKE=debian
VERSION_ID="20.04"
Data for a volumed file!
