/opt
value0
ID="rocky"
ID_LIKE="rhel centos fedora"
VERSION_ID="9.3"
Data for a volumed file!
