/opt
value0
ID="rocky"
ID_LIKE="rhel centos fedora"
VERSION_ID="8.5"
Data for a volumed file!, 2nd version
