{
    "short_desc": "Dummy task for info/dump validations",
    "description": "'task' running 'task'? blesphamy!",
    "base": "info_task_base",
    "env": {
        "{{var0}}": "{{var1}}",
        "{{var1}}": "{{var0}}"
    },
    "hidden": true,
    "abstract": true,
    "cwd": "{{optDir}}",
    "commands": [
        "a command",
        "another command",
        "yet another command"
    ]
}
{
    "abstract": true,
    "c_image": "a-wonderfull-image",
    "c_remove": false,
    "c_exec": true,
    "c_interactive": true,
    "c_volumes": [
        "/to-be-mapped-to-opt:{{optDir}}"
    ],
    "c_shell": true,
    "c_shell_path": "/usr/bin/acme-shell",
    "short_desc": "Dummy task for info/dump validations",
    "description": "'task' running 'task'? blesphamy!",
    "base": "info_task_base",
    "env": {
        "{{var0}}": "{{var1}}",
        "{{var1}}": "{{var0}}"
    },
    "hidden": true,
    "cwd": "{{optDir}}",
    "commands": [
        "a command",
        "another command",
        "yet another command"
    ],
    "variables": {}
}
